
> hrms-dashboard@0.0.0 build
> ng build

node.exe : - Building...
At C:\Program Files\nodejs\npm.ps1:29 char:3
+   & $NODE_EXE $NPM_CLI_JS $args
+   ~~~~~~~~~~~~~~~~~~~~~~~~~~~~~
    + CategoryInfo          : NotSpecified: (- Build 
   ing...:String) [], RemoteException
    + FullyQualifiedErrorId : NativeCommandError
 

Application bundle generation failed. [10.373 seconds]

X [ERROR] NG5002: Unexpected closing tag "main". It 
may happen when the tag has already been closed by 
another tag. For more info see https://www.w3.org/TR/
html5/syntax.html#closing-elements-that-have-implied-
end-tags [plugin angular-compiler]

    src/app/components/performance/performance.compon
ent.html:160:2:
      160 Γöé   </main>
          Γò╡   ~~~~~~~

  Error occurs in the template of component 
PerformanceComponent.

    src/app/components/performance/performance.compon
ent.ts:14:15:
      14 Γöé   templateUrl: 
'./performance.component.html'
         Γò╡                
~~~~~~~~~~~~~~~~~~~~~~~~~~~~~~


